Microchip MPLAB XC8 Compiler V1.44 ()

Linker command line:

-W-3 --edf=C:\Program Files (x86)\Microchip\xc8\v1.44\dat\en_msgs.txt -cs \
  -h+dist/default/production\code_config_test.X.production.sym \
  --cmf=dist/default/production\code_config_test.X.production.cmf -z \
  -Q16F1829 -oC:\Users\erik\AppData\Local\Temp\s7lc.2 \
  -Mdist/default/production/code_config_test.X.production.map -E1 -ver=XC8 \
  -ASTACK=020A0h-022e1h -pstack=STACK -ACODE=00h-07FFhx4 \
  -ASTRCODE=00h-01FFFh -ASTRING=00h-0FFhx32 -ACONST=00h-0FFhx32 \
  -AENTRY=00h-0FFhx32 -ACOMMON=070h-07Fh -ABANK0=020h-06Fh \
  -ABANK1=0A0h-0EFh -ABANK2=0120h-016Fh -ABANK3=01A0h-01EFh \
  -ABANK4=0220h-026Fh -ABANK5=02A0h-02EFh -ABANK6=0320h-036Fh \
  -ABANK7=03A0h-03EFh -ABANK8=0420h-046Fh -ABANK9=04A0h-04EFh \
  -ABANK10=0520h-056Fh -ABANK11=05A0h-05EFh -ABANK12=0620h-064Fh \
  -ABIGRAM=02000h-023EFh \
  -ARAM=020h-06Fh,0A0h-0EFh,0120h-016Fh,01A0h-01EFh,0220h-026Fh,02A0h-02EFh,0320h-036Fh,03A0h-03EFh,0420h-046Fh,04A0h-04EFh,0520h-056Fh,05A0h-05EFh,0620h-064Fh \
  -AABS1=020h-07Fh,0A0h-0EFh,0120h-016Fh,01A0h-01EFh,0220h-026Fh,02A0h-02EFh,0320h-036Fh,03A0h-03EFh,0420h-046Fh,04A0h-04EFh,0520h-056Fh,05A0h-05EFh,0620h-064Fh \
  -ASFR0=00h-01Fh -ASFR1=080h-09Fh -ASFR2=0100h-011Fh -ASFR3=0180h-019Fh \
  -ASFR4=0200h-021Fh -ASFR5=0280h-029Fh -ASFR6=0300h-031Fh \
  -ASFR7=0380h-039Fh -ASFR8=0400h-041Fh -ASFR9=0480h-049Fh \
  -ASFR10=0500h-051Fh -ASFR11=0580h-059Fh -ASFR12=0600h-061Fh \
  -ASFR13=0680h-06EFh -ASFR14=0700h-076Fh -ASFR15=0780h-07EFh \
  -ASFR16=0800h-086Fh -ASFR17=0880h-08EFh -ASFR18=0900h-096Fh \
  -ASFR19=0980h-09EFh -ASFR20=0A00h-0A6Fh -ASFR21=0A80h-0AEFh \
  -ASFR22=0B00h-0B6Fh -ASFR23=0B80h-0BEFh -ASFR24=0C00h-0C6Fh \
  -ASFR25=0C80h-0CEFh -ASFR26=0D00h-0D6Fh -ASFR27=0D80h-0DEFh \
  -ASFR28=0E00h-0E6Fh -ASFR29=0E80h-0EEFh -ASFR30=0F00h-0F6Fh \
  -ASFR31=0F80h-0FEFh -preset_vec=00h,intentry=04h,init,end_init \
  -ppowerup=CODE -pcinit=CODE -pfunctab=ENTRY -ACONFIG=08007h-08008h \
  -pconfig=CONFIG -DCONFIG=2 -AIDLOC=08000h-08003h -pidloc=IDLOC -DIDLOC=2 \
  -AEEDATA=00h-0FFh/0F000h -peeprom_data=EEDATA -DEEDATA=2 -DCODE=2 \
  -DSTRCODE=2 -DSTRING=2 -DCONST=2 -DENTRY=2 -k \
  C:\Users\erik\AppData\Local\Temp\s7lc.obj \
  dist/default/production\code_config_test.X.production.obj 

Object code version is 3.11

Machine type is 16F1829



                Name                               Link     Load   Length Selector   Space Scale
C:\Users\erik\AppData\Local\Temp\s7lc.obj
                end_init                             2C       2C        2        8       0
                reset_vec                             0        0        2        0       0
                config                             8007     8007        2    1000E       0
dist/default/production\code_config_test.X.production.obj
                cinit                                2E       2E       27        8       0
                intentry                              4        4       28        8       0
                text44                              E2D      E2D       1A     1C5A       0
                text43                              D2C      D2C        3     1A58       0
                text42                              D94      D94       11     1B28       0
                text41                              7FB      7FB        5        8       0
                swtext1                             800      800       18     1000       0
                text40                              1B9      1B9      13E        8       0
                text38                              ED6      ED6       1F     1DAC       0
                text37                              EB8      EB8       1E     1D70       0
                text36                                2        2        2        0       0
                text35                              D2F      D2F        3     1A5E       0
                text34                              7DB      7DB       20        8       0
                text33                              2F7      2F7      13A        8       0
                text32                              DDA      DDA       13     1BB4       0
                text31                              D32      D32        3     1A64       0
                text30                              D50      D50        8     1AA0       0
                text29                              DB6      DB6       12     1B6C       0
                text28                              D35      D35        4     1A6A       0
                text27                              E9B      E9B       1D     1D36       0
                text26                              D49      D49        7     1A92       0
                text25                              E47      E47       1C     1C8E       0
                text24                              D3D      D3D        6     1A7A       0
                text23                              D39      D39        4     1A72       0
                text22                              E15      E15       18     1C2A       0
                text21                              776      776       65        8       0
                text20                              545      545       F6        8       0
                text19                              63B      63B       B4        8       0
                text18                              6EF      6EF       87        8       0
                text17                              F4B      F4B       35     1E96       0
                text16                              E00      E00       15     1C00       0
                text15                              F80      F80       36     1F00       0
                text14                              DED      DED       13     1BDA       0
                text13                              E63      E63       1C     1CC6       0
                text12                              DC8      DC8       12     1B90       0
                text11                              FB6      FB6       4A     1F6C       0
                text10                              D86      D86        E     1B0C       0
                text9                               E7F      E7F       1C     1CFE       0
                text8                               DA5      DA5       11     1B4A       0
                text7                               D58      D58        8     1AB0       0
                text6                               EF5      EF5       2A     1DEA       0
                text5                               F1F      F1F       2C     1E3E       0
                text4                               D43      D43        6     1A86       0
                text3                               D6C      D6C        D     1AD8       0
                text2                               D79      D79        D     1AF2       0
                text1                                55       55      164        8       0
                maintext                            431      431      114        8       0
                cstackBANK0                          20       20       39       20       1
                cstackCOMMON                         76       76        6       70       1
                cstackBANK1                          DF       DF       11       A0       1
                clrtext                             D60      D60        C     1AC0       0
                bssBANK1                             A0       A0       3F       A0       1
                bssBANK0                             59       59        7       20       1
                bssCOMMON                            70       70        6       70       1
                bssEEDATA                             0     F000        4    1E000       3

TOTAL           Name                               Link     Load   Length     Space
        CLASS   STACK          

        CLASS   CODE           
                end_init                             2C       2C        2         0
                cinit                                2E       2E       27         0
                intentry                              4        4       28         0
                reset_vec                             0        0        2         0
                text44                              E2D      E2D       1A         0
                text43                              D2C      D2C        3         0
                text42                              D94      D94       11         0
                text41                              7FB      7FB        5         0
                text40                              1B9      1B9      13E         0
                text38                              ED6      ED6       1F         0
                text37                              EB8      EB8       1E         0
                text36                                2        2        2         0
                text35                              D2F      D2F        3         0
                text34                              7DB      7DB       20         0
                text33                              2F7      2F7      13A         0
                text32                              DDA      DDA       13         0
                text31                              D32      D32        3         0
                text30                              D50      D50        8         0
                text29                              DB6      DB6       12         0
                text28                              D35      D35        4         0
                text27                              E9B      E9B       1D         0
                text26                              D49      D49        7         0
                text25                              E47      E47       1C         0
                text24                              D3D      D3D        6         0
                text23                              D39      D39        4         0
                text22                              E15      E15       18         0
                text21                              776      776       65         0
                text20                              545      545       F6         0
                text19                              63B      63B       B4         0
                text18                              6EF      6EF       87         0
                text17                              F4B      F4B       35         0
                text16                              E00      E00       15         0
                text15                              F80      F80       36         0
                text14                              DED      DED       13         0
                text13                              E63      E63       1C         0
                text12                              DC8      DC8       12         0
                text11                              FB6      FB6       4A         0
                text10                              D86      D86        E         0
                text9                               E7F      E7F       1C         0
                text8                               DA5      DA5       11         0
                text7                               D58      D58        8         0
                text6                               EF5      EF5       2A         0
                text5                               F1F      F1F       2C         0
                text4                               D43      D43        6         0
                text3                               D6C      D6C        D         0
                text2                               D79      D79        D         0
                text1                                55       55      164         0
                maintext                            431      431      114         0
                clrtext                             D60      D60        C         0

        CLASS   STRCODE        

        CLASS   STRING         

        CLASS   CONST          
                swtext1                             800      800       18         0

        CLASS   ENTRY          

        CLASS   COMMON         
                cstackCOMMON                         76       76        6         1
                bssCOMMON                            70       70        6         1

        CLASS   BANK0          
                cstackBANK0                          20       20       39         1
                bssBANK0                             59       59        7         1

        CLASS   BANK1          
                cstackBANK1                          DF       DF       11         1
                bssBANK1                             A0       A0       3F         1

        CLASS   BANK2          

        CLASS   BANK3          

        CLASS   BANK4          

        CLASS   BANK5          

        CLASS   BANK6          

        CLASS   BANK7          

        CLASS   BANK8          

        CLASS   BANK9          

        CLASS   BANK10         

        CLASS   BANK11         

        CLASS   BANK12         

        CLASS   BIGRAM         

        CLASS   RAM            

        CLASS   ABS1           
                abs_s1                               7E       7E        2         1
                abs_s1                              4B2      4B2       3E         1
                abs_s1                              520      520       50         1
                abs_s1                              5A0      5A0       50         1
                abs_s1                              620      620       30         1
                abs_s1                             22E2     22E2        0         1
                abs_s1                             2369     2369        0         1

        CLASS   SFR0           

        CLASS   SFR1           

        CLASS   SFR2           

        CLASS   SFR3           

        CLASS   SFR4           

        CLASS   SFR5           

        CLASS   SFR6           

        CLASS   SFR7           

        CLASS   SFR8           

        CLASS   SFR9           

        CLASS   SFR10          

        CLASS   SFR11          

        CLASS   SFR12          

        CLASS   SFR13          

        CLASS   SFR14          

        CLASS   SFR15          

        CLASS   SFR16          

        CLASS   SFR17          

        CLASS   SFR18          

        CLASS   SFR19          

        CLASS   SFR20          

        CLASS   SFR21          

        CLASS   SFR22          

        CLASS   SFR23          

        CLASS   SFR24          

        CLASS   SFR25          

        CLASS   SFR26          

        CLASS   SFR27          

        CLASS   SFR28          

        CLASS   SFR29          

        CLASS   SFR30          

        CLASS   SFR31          

        CLASS   CONFIG         
                config                             8007     8007        2         0

        CLASS   IDLOC          

        CLASS   EEDATA         
                bssEEDATA                             0     F000        4         3

        CLASS   BANK31         

        CLASS   BANK30         

        CLASS   BANK29         

        CLASS   BANK28         

        CLASS   BANK27         

        CLASS   BANK26         

        CLASS   BANK25         

        CLASS   BANK24         

        CLASS   BANK23         

        CLASS   BANK22         

        CLASS   BANK21         

        CLASS   BANK20         

        CLASS   BANK19         

        CLASS   BANK18         

        CLASS   BANK17         

        CLASS   BANK16         

        CLASS   BANK15         

        CLASS   BANK14         

        CLASS   BANK13         



SEGMENTS        Name                           Load    Length   Top    Selector   Space  Class     Delta

                reset_vec                      000000  000004  000004         0       0  CODE        2
                intentry                       000004  0007FC  000800         8       0  CODE        2
                cstackBANK0                    000020  000040  000060        20       1  BANK0       1
                bssCOMMON                      000070  00000C  00007C        70       1  COMMON      1
                bssBANK1                       0000A0  000050  0000F0        A0       1  BANK1       1
                swtext1                        000800  000018  000818      1000       0  CONST       2
                text43                         000D2C  000003  000D2F      1A58       0  CODE        2
                text35                         000D2F  000003  000D32      1A5E       0  CODE        2
                text31                         000D32  000003  000D35      1A64       0  CODE        2
                text28                         000D35  000004  000D39      1A6A       0  CODE        2
                text23                         000D39  000004  000D3D      1A72       0  CODE        2
                text24                         000D3D  000006  000D43      1A7A       0  CODE        2
                text4                          000D43  000006  000D49      1A86       0  CODE        2
                text26                         000D49  000007  000D50      1A92       0  CODE        2
                text30                         000D50  000008  000D58      1AA0       0  CODE        2
                text7                          000D58  000008  000D60      1AB0       0  CODE        2
                clrtext                        000D60  00000C  000D6C      1AC0       0  CODE        2
                text3                          000D6C  00000D  000D79      1AD8       0  CODE        2
                text2                          000D79  00000D  000D86      1AF2       0  CODE        2
                text10                         000D86  00000E  000D94      1B0C       0  CODE        2
                text42                         000D94  000011  000DA5      1B28       0  CODE        2
                text8                          000DA5  000011  000DB6      1B4A       0  CODE        2
                text29                         000DB6  000012  000DC8      1B6C       0  CODE        2
                text12                         000DC8  000012  000DDA      1B90       0  CODE        2
                text32                         000DDA  000013  000DED      1BB4       0  CODE        2
                text14                         000DED  000013  000E00      1BDA       0  CODE        2
                text16                         000E00  000015  000E15      1C00       0  CODE        2
                text22                         000E15  000018  000E2D      1C2A       0  CODE        2
                text44                         000E2D  00001A  000E47      1C5A       0  CODE        2
                text25                         000E47  00001C  000E63      1C8E       0  CODE        2
                text13                         000E63  00001C  000E7F      1CC6       0  CODE        2
                text9                          000E7F  00001C  000E9B      1CFE       0  CODE        2
                text27                         000E9B  00001D  000EB8      1D36       0  CODE        2
                text37                         000EB8  00001E  000ED6      1D70       0  CODE        2
                text38                         000ED6  00001F  000EF5      1DAC       0  CODE        2
                text6                          000EF5  00002A  000F1F      1DEA       0  CODE        2
                text5                          000F1F  00002C  000F4B      1E3E       0  CODE        2
                text17                         000F4B  000035  000F80      1E96       0  CODE        2
                text15                         000F80  000036  000FB6      1F00       0  CODE        2
                text11                         000FB6  00004A  001000      1F6C       0  CODE        2
                config                         008007  000002  008009     1000E       0  CONFIG      2
                bssEEDATA                      00F000  000004  00F004     1E000       3  EEDATA      2


UNUSED ADDRESS RANGES

        Name                Unused          Largest block    Delta
        BANK0            00060-0006F              10           1
        BANK2            00120-0016F              50           1
        BANK3            001A0-001EF              50           1
        BANK4            00220-0026F              50           1
        BANK5            002A0-002EF              50           1
        BANK6            00320-0036F              50           1
        BANK7            003A0-003EF              50           1
        BANK8            00420-0046F              50           1
        BANK9            004A0-004B1              12           1
        BIGRAM           02000-023EF             3F0           1
        CODE             00818-00D2B             514           2
                         01000-01FFF             800
        COMMON           0007C-0007D               2           1
        CONST            00818-00D2B             100           2
                         01000-01FFF             100
        EEDATA           0F004-0F0FF              FC           2
        ENTRY            00818-00D2B             100           2
                         01000-01FFF             100
        IDLOC            08000-08003               4           2
        RAM              00060-0006F              10           1
                         00120-0016F              50
                         001A0-001EF              50
                         00220-0026F              50
                         002A0-002EF              50
                         00320-0036F              50
                         003A0-003EF              50
                         00420-0046F              50
                         004A0-004B1              12
        SFR0             00000-0001F              20           1
        SFR1             00080-0009F              20           1
        SFR10            00500-0051F              20           1
        SFR11            00580-0059F              20           1
        SFR12            00600-0061F              20           1
        SFR13            00680-006EF              70           1
        SFR14            00700-0076F              70           1
        SFR15            00780-007EF              70           1
        SFR16            00800-0086F              70           1
        SFR17            00880-008EF              70           1
        SFR18            00900-0096F              70           1
        SFR19            00980-009EF              70           1
        SFR2             00100-0011F              20           1
        SFR20            00A00-00A6F              70           1
        SFR21            00A80-00AEF              70           1
        SFR22            00B00-00B6F              70           1
        SFR23            00B80-00BEF              70           1
        SFR24            00C00-00C6F              70           1
        SFR25            00C80-00CEF              70           1
        SFR26            00D00-00D6F              70           1
        SFR27            00D80-00DEF              70           1
        SFR28            00E00-00E6F              70           1
        SFR29            00E80-00EEF              70           1
        SFR3             00180-0019F              20           1
        SFR30            00F00-00F6F              70           1
        SFR31            00F80-00FEF              70           1
        SFR4             00200-0021F              20           1
        SFR5             00280-0029F              20           1
        SFR6             00300-0031F              20           1
        SFR7             00380-0039F              20           1
        SFR8             00400-0041F              20           1
        SFR9             00480-0049F              20           1
        STACK            020A0-022E1             242           1
        STRCODE          00818-00D2B             514           2
                         01000-01FFF            1000
        STRING           00818-00D2B             100           2
                         01000-01FFF             100

                                  Symbol Table

?_ADC_GetConversion                     cstackBANK0  00020
?_PACKET_get_rx_packet_ptr              cstackBANK0  00020
?_SETTINGS_read                         cstackBANK0  00020
?___eetoi                               cstackBANK0  00026
?___ftadd                               cstackBANK0  0003C
?___ftmul                               cstackBANK0  0002C
?___ftpack                              cstackBANK0  00020
?___fttol                               cstackBANK0  00049
?___lwdiv                               cstackBANK0  00020
?___lwtoft                              cstackBANK0  00028
ADC_GetConversion@channel               cstackBANK0  00023
EEPROM_load_all_settings@i              cstackBANK0  0002F
EEPROM_load_all_settings@s              cstackBANK0  0002E
EEPROM_load_setting@num                 cstackBANK0  0002D
EEPROM_load_setting@s                   cstackBANK0  0002F
EEPROM_store_all_settings@i             cstackBANK0  0002D
EEPROM_store_all_settings@s             cstackBANK0  0002C
EEPROM_store_setting@num                cstackBANK0  0002B
EEPROM_store_setting@s                  cstackBANK0  0002D
EUSART_Read@readValue                   cstackBANK0  00021
EUSART_Write@txData                     cstackBANK0  00020
I2C2_ISR@i2c_10bit_address_restart      bssBANK1     000CB
I2C2_ISR@i2c_address                    bssCOMMON    00074
I2C2_ISR@i2c_bytes_left                 bssBANK0     0005C
I2C2_ISR@pi2c_buf_ptr                   bssBANK0     0005D
I2C2_MasterRead@trBlock                 bssBANK1     000CD
I2C2_MasterWrite@trBlock                bssBANK1     000D2
PACKET_Available@b                      cstackBANK0  00036
PACKET_SendPacket@i                     cstackBANK0  00027
PACKET_SendPacket@pkt                   cstackBANK0  00021
PACKET_UpdateAndSend@pkt                cstackBANK0  00029
PACKET_calculate_checksum@checksum      cstackBANK0  00025
PACKET_calculate_checksum@data          cstackBANK0  00020
PACKET_calculate_checksum@data_len      cstackBANK0  00022
PACKET_calculate_checksum@i             cstackBANK0  00026
PACKET_handle_byte@cksm                 cstackBANK0  00031
PACKET_handle_byte@data_byte            cstackBANK0  00034
PACKET_handle_byte@i                    cstackBANK0  00032
PACKET_handle_byte@len                  cstackBANK0  0002F
SETTINGS_read@setting_num               cstackBANK0  00020
SETTINGS_read@stgs                      cstackBANK0  00023
SETTINGS_write@setting_num              cstackBANK0  00020
SETTINGS_write@setting_val              cstackBANK0  00021
SETTINGS_write@stgs                     cstackBANK0  00024
_ADCON0                                 (abs)        0009D
_ADCON0bits                             (abs)        0009D
_ADCON1                                 (abs)        0009E
_ADC_GetConversion                      text38       00ED6
_ADC_Initialize                         text30       00D50
_ADRESH                                 (abs)        0009C
_ADRESL                                 (abs)        0009B
_ANSELA                                 (abs)        0018C
_ANSELB                                 (abs)        0018D
_ANSELC                                 (abs)        0018E
_APFCON0                                (abs)        0011D
_APFCON1                                (abs)        0011E
_BAUDCON                                (abs)        0019F
_BORCON                                 (abs)        00116
_CARRY                                  (abs)        00018
_EEADR                                  (abs)        00191
_EECON1                                 (abs)        00195
_EECON2                                 (abs)        00196
_EEDATA                                 (abs)        00193
_EEPROM_load_all_settings               text13       00E63
_EEPROM_load_setting                    text12       00DC8
_EEPROM_store_all_settings              text9        00E7F
_EEPROM_store_setting                   text8        00DA5
_EUSART_Initialize                      text29       00DB6
_EUSART_Read                            text37       00EB8
_EUSART_Receive_ISR                     text44       00E2D
_EUSART_RxBytesAvailable                text36       00002
_EUSART_Write                           text7        00D58
_FVRCON                                 (abs)        00117
_FVRCONbits                             (abs)        00117
_FVR_Initialize                         text28       00D35
_GIE                                    (abs)        0005F
_I2C2_BusCollisionISR                   text43       00D2C
_I2C2_FunctionComplete                  text42       00D94
_I2C2_ISR                               text40       001B9
_I2C2_Initialize                        text27       00E9B
_I2C2_Stop                              text41       007FB
_INTCONbits                             (abs)        0000B
_INTERRUPT_InterruptManager             intentry     00004
_LATA                                   (abs)        0010C
_LATB                                   (abs)        0010D
_LATC                                   (abs)        0010E
_LATCbits                               (abs)        0010E
_OPTION_REGbits                         (abs)        00095
_OSCCON                                 (abs)        00099
_OSCILLATOR_Initialize                  text26       00D49
_OSCTUNE                                (abs)        00098
_PACKET_Available                       text32       00DDA
_PACKET_EUSART_Bytes_Available          text35       00D2F
_PACKET_Initialize                      text31       00D32
_PACKET_Len                             bssBANK1     000C5
_PACKET_RxPacket                        (abs)        02369
_PACKET_RxPtr                           bssBANK0     00059
_PACKET_RxState                         bssBANK0     0005B
_PACKET_SendPacket                      text6        00EF5
_PACKET_UpdateAndSend                   text5        00F1F
_PACKET_calculate_checksum              text34       007DB
_PACKET_get_rx_packet_ptr               text4        00D43
_PACKET_handle_byte                     text33       002F7
_PACKET_pkt                             (abs)        022E2
_PIE1bits                               (abs)        00091
_PIE4bits                               (abs)        00094
_PIN_MANAGER_Initialize                 text25       00E47
_PIR1bits                               (abs)        00011
_PIR4bits                               (abs)        00014
_RCREG                                  (abs)        00199
_RCSTA                                  (abs)        0019D
_RCSTAbits                              (abs)        0019D
_RD                                     (abs)        00CA8
_SETTINGS_read                          text3        00D6C
_SETTINGS_stgs                          bssEEDATA    00000
_SETTINGS_write                         text2        00D79
_SPBRGH                                 (abs)        0019C
_SPBRGL                                 (abs)        0019B
_SPI1_Initialize                        text24       00D3D
_SSP1ADD                                (abs)        00212
_SSP1BUF                                (abs)        00211
_SSP1CON1                               (abs)        00215
_SSP1CON1bits                           (abs)        00215
_SSP1STAT                               (abs)        00214
_SSP1STATbits                           (abs)        00214
_SSP2ADD                                (abs)        0021A
_SSP2BUF                                (abs)        00219
_SSP2CON1                               (abs)        0021D
_SSP2CON1bits                           (abs)        0021D
_SSP2CON2bits                           (abs)        0021E
_SSP2CON3                               (abs)        0021F
_SSP2STAT                               (abs)        0021C
_SYSTEM_Initialize                      text22       00E15
_TRISA                                  (abs)        0008C
_TRISB                                  (abs)        0008D
_TRISC                                  (abs)        0008E
_TXREG                                  (abs)        0019A
_TXSTA                                  (abs)        0019E
_WDTCON                                 (abs)        00097
_WDT_Initialize                         text23       00D39
_WPUA                                   (abs)        0020C
_WPUB                                   (abs)        0020D
_WPUC                                   (abs)        0020E
_WR                                     (abs)        00CA9
_WREN                                   (abs)        00CAA
__CFG_BOREN$ON                          (abs)        00000
__CFG_BORV$LO                           (abs)        00000
__CFG_CLKOUTEN$OFF                      (abs)        00000
__CFG_CP$OFF                            (abs)        00000
__CFG_CPD$OFF                           (abs)        00000
__CFG_FCMEN$ON                          (abs)        00000
__CFG_FOSC$INTOSC                       (abs)        00000
__CFG_IESO$ON                           (abs)        00000
__CFG_LVP$ON                            (abs)        00000
__CFG_MCLRE$ON                          (abs)        00000
__CFG_PLLEN$OFF                         (abs)        00000
__CFG_PWRTE$OFF                         (abs)        00000
__CFG_STVREN$ON                         (abs)        00000
__CFG_WDTE$OFF                          (abs)        00000
__CFG_WRT$OFF                           (abs)        00000
__Habs1                                 abs1         00000
__Hbank0                                bank0        00000
__Hbank1                                bank1        00000
__Hbank10                               bank10       00000
__Hbank11                               bank11       00000
__Hbank12                               bank12       00000
__Hbank13                               bank13       00000
__Hbank14                               bank14       00000
__Hbank15                               bank15       00000
__Hbank16                               bank16       00000
__Hbank17                               bank17       00000
__Hbank18                               bank18       00000
__Hbank19                               bank19       00000
__Hbank2                                bank2        00000
__Hbank20                               bank20       00000
__Hbank21                               bank21       00000
__Hbank22                               bank22       00000
__Hbank23                               bank23       00000
__Hbank24                               bank24       00000
__Hbank25                               bank25       00000
__Hbank26                               bank26       00000
__Hbank27                               bank27       00000
__Hbank28                               bank28       00000
__Hbank29                               bank29       00000
__Hbank3                                bank3        00000
__Hbank30                               bank30       00000
__Hbank31                               bank31       00000
__Hbank4                                bank4        00000
__Hbank5                                bank5        00000
__Hbank6                                bank6        00000
__Hbank7                                bank7        00000
__Hbank8                                bank8        00000
__Hbank9                                bank9        00000
__Hbigram                               bigram       00000
__HbssBANK0                             bssBANK0     00000
__HbssBANK1                             bssBANK1     00000
__HbssCOMMON                            bssCOMMON    00000
__HbssEEDATA                            bssEEDATA    00000
__Hcinit                                cinit        00055
__Hclrtext                              clrtext      00000
__Hcode                                 code         00000
__Hcommon                               common       00000
__Hconfig                               config       08009
__HcstackBANK0                          cstackBANK0  00000
__HcstackBANK1                          cstackBANK1  00000
__HcstackCOMMON                         cstackCOMMON 00000
__Heeprom_data                          eeprom_data  00000
__Hend_init                             end_init     0002E
__Hfunctab                              functab      00000
__Hidloc                                idloc        00000
__Hinit                                 init         0002C
__Hintentry                             intentry     0002C
__Hmaintext                             maintext     00000
__Hpowerup                              powerup      00000
__Hram                                  ram          00000
__Hreset_vec                            reset_vec    00002
__Hsfr0                                 sfr0         00000
__Hsfr1                                 sfr1         00000
__Hsfr10                                sfr10        00000
__Hsfr11                                sfr11        00000
__Hsfr12                                sfr12        00000
__Hsfr13                                sfr13        00000
__Hsfr14                                sfr14        00000
__Hsfr15                                sfr15        00000
__Hsfr16                                sfr16        00000
__Hsfr17                                sfr17        00000
__Hsfr18                                sfr18        00000
__Hsfr19                                sfr19        00000
__Hsfr2                                 sfr2         00000
__Hsfr20                                sfr20        00000
__Hsfr21                                sfr21        00000
__Hsfr22                                sfr22        00000
__Hsfr23                                sfr23        00000
__Hsfr24                                sfr24        00000
__Hsfr25                                sfr25        00000
__Hsfr26                                sfr26        00000
__Hsfr27                                sfr27        00000
__Hsfr28                                sfr28        00000
__Hsfr29                                sfr29        00000
__Hsfr3                                 sfr3         00000
__Hsfr30                                sfr30        00000
__Hsfr31                                sfr31        00000
__Hsfr4                                 sfr4         00000
__Hsfr5                                 sfr5         00000
__Hsfr6                                 sfr6         00000
__Hsfr7                                 sfr7         00000
__Hsfr8                                 sfr8         00000
__Hsfr9                                 sfr9         00000
__Hspace_0                              (abs)        08009
__Hspace_1                              (abs)        000F0
__Hspace_2                              (abs)        00000
__Hspace_3                              (abs)        00004
__Hstack                                stack        00000
__Hstrings                              strings      00000
__Htext                                 text         00000
__Labs1                                 abs1         00000
__Lbank0                                bank0        00000
__Lbank1                                bank1        00000
__Lbank10                               bank10       00000
__Lbank11                               bank11       00000
__Lbank12                               bank12       00000
__Lbank13                               bank13       00000
__Lbank14                               bank14       00000
__Lbank15                               bank15       00000
__Lbank16                               bank16       00000
__Lbank17                               bank17       00000
__Lbank18                               bank18       00000
__Lbank19                               bank19       00000
__Lbank2                                bank2        00000
__Lbank20                               bank20       00000
__Lbank21                               bank21       00000
__Lbank22                               bank22       00000
__Lbank23                               bank23       00000
__Lbank24                               bank24       00000
__Lbank25                               bank25       00000
__Lbank26                               bank26       00000
__Lbank27                               bank27       00000
__Lbank28                               bank28       00000
__Lbank29                               bank29       00000
__Lbank3                                bank3        00000
__Lbank30                               bank30       00000
__Lbank31                               bank31       00000
__Lbank4                                bank4        00000
__Lbank5                                bank5        00000
__Lbank6                                bank6        00000
__Lbank7                                bank7        00000
__Lbank8                                bank8        00000
__Lbank9                                bank9        00000
__Lbigram                               bigram       00000
__LbssBANK0                             bssBANK0     00000
__LbssBANK1                             bssBANK1     00000
__LbssCOMMON                            bssCOMMON    00000
__LbssEEDATA                            bssEEDATA    00000
__Lcinit                                cinit        0002E
__Lclrtext                              clrtext      00000
__Lcode                                 code         00000
__Lcommon                               common       00000
__Lconfig                               config       08007
__LcstackBANK0                          cstackBANK0  00000
__LcstackBANK1                          cstackBANK1  00000
__LcstackCOMMON                         cstackCOMMON 00000
__Leeprom_data                          eeprom_data  00000
__Lend_init                             end_init     0002C
__Lfunctab                              functab      00000
__Lidloc                                idloc        00000
__Linit                                 init         0002C
__Lintentry                             intentry     00004
__Lmaintext                             maintext     00000
__Lpowerup                              powerup      00000
__Lram                                  ram          00000
__Lreset_vec                            reset_vec    00000
__Lsfr0                                 sfr0         00000
__Lsfr1                                 sfr1         00000
__Lsfr10                                sfr10        00000
__Lsfr11                                sfr11        00000
__Lsfr12                                sfr12        00000
__Lsfr13                                sfr13        00000
__Lsfr14                                sfr14        00000
__Lsfr15                                sfr15        00000
__Lsfr16                                sfr16        00000
__Lsfr17                                sfr17        00000
__Lsfr18                                sfr18        00000
__Lsfr19                                sfr19        00000
__Lsfr2                                 sfr2         00000
__Lsfr20                                sfr20        00000
__Lsfr21                                sfr21        00000
__Lsfr22                                sfr22        00000
__Lsfr23                                sfr23        00000
__Lsfr24                                sfr24        00000
__Lsfr25                                sfr25        00000
__Lsfr26                                sfr26        00000
__Lsfr27                                sfr27        00000
__Lsfr28                                sfr28        00000
__Lsfr29                                sfr29        00000
__Lsfr3                                 sfr3         00000
__Lsfr30                                sfr30        00000
__Lsfr31                                sfr31        00000
__Lsfr4                                 sfr4         00000
__Lsfr5                                 sfr5         00000
__Lsfr6                                 sfr6         00000
__Lsfr7                                 sfr7         00000
__Lsfr8                                 sfr8         00000
__Lsfr9                                 sfr9         00000
__Lspace_0                              (abs)        00000
__Lspace_1                              (abs)        00000
__Lspace_2                              (abs)        00000
__Lspace_3                              (abs)        00000
__Lstack                                stack        00000
__Lstrings                              strings      00000
__Ltext                                 text         00000
__S0                                    (abs)        08009
__S1                                    (abs)        000F0
__S2                                    (abs)        00000
__S3                                    (abs)        0F004
___eetoi                                text14       00DED
___eetoi@addr                           cstackBANK0  0002A
___eetoi@data                           cstackBANK0  0002B
___ftadd                                text20       00545
___ftadd@exp1                           cstackBANK0  00048
___ftadd@exp2                           cstackBANK0  00047
___ftadd@f1                             cstackBANK0  0003C
___ftadd@f2                             cstackBANK0  0003F
___ftadd@sign                           cstackBANK0  00046
___ftmul                                text19       0063B
___ftmul@cntr                           cstackBANK0  0003A
___ftmul@exp                            cstackBANK0  00036
___ftmul@f1                             cstackBANK0  0002C
___ftmul@f2                             cstackBANK0  0002F
___ftmul@f3_as_product                  cstackBANK0  00037
___ftmul@sign                           cstackBANK0  0003B
___ftpack                               text21       00776
___ftpack@arg                           cstackBANK0  00020
___ftpack@exp                           cstackBANK0  00023
___ftpack@sign                          cstackBANK0  00024
___fttol                                text18       006EF
___fttol@exp1                           cstackBANK0  00056
___fttol@f1                             cstackBANK0  00049
___fttol@lval                           cstackBANK0  00052
___fttol@sign1                          cstackBANK0  00051
___int_sp                               stack        00000
___itoee                                text10       00D86
___itoee@addr                           cstackBANK0  0002A
___itoee@data                           cstackBANK0  00026
___latbits                              (abs)        00002
___lwdiv                                text17       00F4B
___lwdiv@counter                        cstackBANK0  00025
___lwdiv@dividend                       cstackBANK0  00022
___lwdiv@divisor                        cstackBANK0  00020
___lwdiv@quotient                       cstackBANK0  00026
___lwtoft                               text16       00E00
___lwtoft@c                             cstackBANK0  00028
___sp                                   stack        00000
__end_of_ADC_GetConversion              text38       00EF5
__end_of_ADC_Initialize                 text30       00D58
__end_of_EEPROM_load_all_settings       text13       00E7F
__end_of_EEPROM_load_setting            text12       00DDA
__end_of_EEPROM_store_all_settings      text9        00E9B
__end_of_EEPROM_store_setting           text8        00DB6
__end_of_EUSART_Initialize              text29       00DC8
__end_of_EUSART_Read                    text37       00ED6
__end_of_EUSART_Receive_ISR             text44       00E47
__end_of_EUSART_RxBytesAvailable        text36       00004
__end_of_EUSART_Write                   text7        00D60
__end_of_FVR_Initialize                 text28       00D39
__end_of_I2C2_BusCollisionISR           text43       00D2F
__end_of_I2C2_FunctionComplete          text42       00DA5
__end_of_I2C2_ISR                       text40       002F7
__end_of_I2C2_Initialize                text27       00EB8
__end_of_I2C2_Stop                      text41       00800
__end_of_INTERRUPT_InterruptManager     intentry     0002C
__end_of_OSCILLATOR_Initialize          text26       00D50
__end_of_PACKET_Available               text32       00DED
__end_of_PACKET_EUSART_Bytes_Available  text35       00D32
__end_of_PACKET_Initialize              text31       00D35
__end_of_PACKET_SendPacket              text6        00F1F
__end_of_PACKET_UpdateAndSend           text5        00F4B
__end_of_PACKET_calculate_checksum      text34       007FB
__end_of_PACKET_get_rx_packet_ptr       text4        00D49
__end_of_PACKET_handle_byte             text33       00431
__end_of_PIN_MANAGER_Initialize         text25       00E63
__end_of_SETTINGS_read                  text3        00D79
__end_of_SETTINGS_write                 text2        00D86
__end_of_SPI1_Initialize                text24       00D43
__end_of_SYSTEM_Initialize              text22       00E2D
__end_of_WDT_Initialize                 text23       00D3D
__end_of___eetoi                        text14       00E00
__end_of___ftadd                        text20       0063B
__end_of___ftmul                        text19       006EF
__end_of___ftpack                       text21       007DB
__end_of___fttol                        text18       00776
__end_of___itoee                        text10       00D94
__end_of___lwdiv                        text17       00F80
__end_of___lwtoft                       text16       00E15
__end_of__initialization                cinit        00051
__end_of_eecpymem                       text15       00FB6
__end_of_handle_rx_packet               text1        001B9
__end_of_main                           maintext     00545
__end_of_memcpyee                       text11       01000
__initialization                        cinit        0002E
__pbssBANK0                             bssBANK0     00059
__pbssBANK1                             bssBANK1     000A0
__pbssBIGRAM                            (abs)        022E2
__pbssCOMMON                            bssCOMMON    00070
__pbssEEDATA                            bssEEDATA    00000
__pcstackBANK0                          cstackBANK0  00020
__pcstackBANK1                          cstackBANK1  000DF
__pcstackCOMMON                         cstackCOMMON 00076
__pintentry                             intentry     00004
__pmaintext                             maintext     00431
__pswtext1                              swtext1      00800
__ptext0                                text0        00000
__ptext1                                text1        00055
__ptext10                               text10       00D86
__ptext11                               text11       00FB6
__ptext12                               text12       00DC8
__ptext13                               text13       00E63
__ptext14                               text14       00DED
__ptext15                               text15       00F80
__ptext16                               text16       00E00
__ptext17                               text17       00F4B
__ptext18                               text18       006EF
__ptext19                               text19       0063B
__ptext2                                text2        00D79
__ptext20                               text20       00545
__ptext21                               text21       00776
__ptext22                               text22       00E15
__ptext23                               text23       00D39
__ptext24                               text24       00D3D
__ptext25                               text25       00E47
__ptext26                               text26       00D49
__ptext27                               text27       00E9B
__ptext28                               text28       00D35
__ptext29                               text29       00DB6
__ptext3                                text3        00D6C
__ptext30                               text30       00D50
__ptext31                               text31       00D32
__ptext32                               text32       00DDA
__ptext33                               text33       002F7
__ptext34                               text34       007DB
__ptext35                               text35       00D2F
__ptext36                               text36       00002
__ptext37                               text37       00EB8
__ptext38                               text38       00ED6
__ptext4                                text4        00D43
__ptext40                               text40       001B9
__ptext41                               text41       007FB
__ptext42                               text42       00D94
__ptext43                               text43       00D2C
__ptext44                               text44       00E2D
__ptext5                                text5        00F1F
__ptext6                                text6        00EF5
__ptext7                                text7        00D58
__ptext8                                text8        00DA5
__ptext9                                text9        00E7F
__size_of_ADC_GetConversion             (abs)        00000
__size_of_ADC_Initialize                (abs)        00000
__size_of_EEPROM_load_all_settings      (abs)        00000
__size_of_EEPROM_load_setting           (abs)        00000
__size_of_EEPROM_store_all_settings     (abs)        00000
__size_of_EEPROM_store_setting          (abs)        00000
__size_of_EUSART_Initialize             (abs)        00000
__size_of_EUSART_Read                   (abs)        00000
__size_of_EUSART_Receive_ISR            (abs)        00000
__size_of_EUSART_RxBytesAvailable       (abs)        00000
__size_of_EUSART_Write                  (abs)        00000
__size_of_FVR_Initialize                (abs)        00000
__size_of_I2C2_BusCollisionISR          (abs)        00000
__size_of_I2C2_FunctionComplete         (abs)        00000
__size_of_I2C2_ISR                      (abs)        00000
__size_of_I2C2_Initialize               (abs)        00000
__size_of_I2C2_Stop                     (abs)        00000
__size_of_INTERRUPT_InterruptManager    (abs)        00000
__size_of_OSCILLATOR_Initialize         (abs)        00000
__size_of_PACKET_Available              (abs)        00000
__size_of_PACKET_EUSART_Bytes_Available (abs)        00000
__size_of_PACKET_Initialize             (abs)        00000
__size_of_PACKET_SendPacket             (abs)        00000
__size_of_PACKET_UpdateAndSend          (abs)        00000
__size_of_PACKET_calculate_checksum     (abs)        00000
__size_of_PACKET_get_rx_packet_ptr      (abs)        00000
__size_of_PACKET_handle_byte            (abs)        00000
__size_of_PIN_MANAGER_Initialize        (abs)        00000
__size_of_SETTINGS_read                 (abs)        00000
__size_of_SETTINGS_write                (abs)        00000
__size_of_SPI1_Initialize               (abs)        00000
__size_of_SYSTEM_Initialize             (abs)        00000
__size_of_WDT_Initialize                (abs)        00000
__size_of___eetoi                       (abs)        00000
__size_of___ftadd                       (abs)        00000
__size_of___ftmul                       (abs)        00000
__size_of___ftpack                      (abs)        00000
__size_of___fttol                       (abs)        00000
__size_of___itoee                       (abs)        00000
__size_of___lwdiv                       (abs)        00000
__size_of___lwtoft                      (abs)        00000
__size_of_eecpymem                      (abs)        00000
__size_of_handle_rx_packet              (abs)        00000
__size_of_main                          (abs)        00000
__size_of_memcpyee                      (abs)        00000
_curr_tank_level                        bssBANK1     000C9
_curr_temp_f                            bssBANK1     000C7
_eecpymem                               text15       00F80
_eusartRxBuffer                         bssBANK1     000A0
_eusartRxCount                          bssCOMMON    00071
_eusartRxHead                           bssCOMMON    00073
_eusartRxTail                           bssCOMMON    00072
_handle_rx_packet                       text1        00055
_i2c2_object                            bssBANK1     000C0
_i2c2_state                             bssBANK0     0005F
_i2c2_tr_queue                          bssBANK1     000DB
_i2c2_trb_count                         bssBANK0     0005E
_main                                   maintext     00431
_memcpyee                               text11       00FB6
_p_i2c2_current                         bssBANK1     000CC
_p_i2c2_trb_current                     bssCOMMON    00070
_settings                               bssBANK1     000D7
btemp                                   (abs)        0007E
clear_ram0                              clrtext      00D60
eecpymem@cp                             cstackBANK0  00024
eecpymem@from                           cstackBANK0  00020
eecpymem@size                           cstackBANK0  00021
eecpymem@to                             cstackBANK0  00025
end_of_initialization                   cinit        00051
handle_rx_packet@pkt_p                  cstackBANK0  00035
handle_rx_packet@stgs_pld_p             cstackBANK0  00033
int$flags                               (abs)        0007E
intlevel0                               functab      00000
intlevel1                               functab      00000
intlevel2                               functab      00000
intlevel3                               functab      00000
intlevel4                               functab      00000
intlevel5                               functab      00000
main@level                              cstackBANK1  000EE
main@level_ft                           cstackBANK1  000E9
main@send_data                          cstackBANK1  000DF
main@send_data_ptr                      cstackBANK1  000ED
main@temp                               cstackBANK1  000EB
main@temp_f                             cstackBANK1  000E7
memcpyee@from                           cstackBANK0  00020
memcpyee@ptr                            cstackBANK0  00024
memcpyee@size                           cstackBANK0  00021
memcpyee@to                             cstackBANK0  00025
reset_vec                               reset_vec    00000
stackhi                                 (abs)        022E1
stacklo                                 (abs)        020A0
start                                   init         0002C
start_initialization                    cinit        0002E
wtemp0                                  (abs)        0007E


FUNCTION INFORMATION:

 *************** function _main *****************
 Defined at:
		line 61 in file "main.c"
 Parameters:    Size  Location     Type
		None
 Auto vars:     Size  Location     Type
  send_packet    32    0        unsigned char [32]
  send_data       8    0[BANK1 ] unsigned char [8]
  level           2   15[BANK1 ] unsigned int 
  temp            2   12[BANK1 ] unsigned int 
  level_ft        2   10[BANK1 ] unsigned int 
  temp_f          2    8[BANK1 ] unsigned int 
  i               2    0        unsigned int 
  send_packet_    2    0        unsigned int 
  send_packet_    2    0        PTR unsigned char 
  send_data_pt    1   14[BANK1 ] PTR unsigned char 
		 -> main@send_data(8), 
 Return value:  Size  Location     Type
                  1    wreg      void 
 Registers used:
		wreg, fsr1l, fsr1h, status,2, status,0, pclath, cstack
 Tracked objects:
		On entry : 
		On exit  : 
		Unchanged: 
 Data sizes:     COMMON   BANK0   BANK1   BANK2   BANK3   BANK4   BANK5   BANK6   BANK7   BANK8   BANK9  BANK10  BANK11  BANK12
      Params:         0       0       0       0       0       0       0       0       0       0       0       0       0       0
      Locals:         0       0      17       0       0       0       0       0       0       0       0       0       0       0
      Temps:          0       2       0       0       0       0       0       0       0       0       0       0       0       0
      Totals:         0       2      17       0       0       0       0       0       0       0       0       0       0       0
Total ram usage:       19 bytes
 Hardware stack levels required when called:    7
 This function calls:
		_ADC_GetConversion
		_EEPROM_load_all_settings
		_PACKET_Available
		_PACKET_Initialize
		_SYSTEM_Initialize
		___ftadd
		___ftmul
		___fttol
		___lwdiv
		___lwtoft
		_handle_rx_packet
 This function is called by:
		Startup code after reset
 This function uses a non-reentrant model


 *************** function _handle_rx_packet *****************
 Defined at:
		line 184 in file "main.c"
 Parameters:    Size  Location     Type
		None
 Auto vars:     Size  Location     Type
  pkt_p           2   21[BANK0 ] PTR struct .
		 -> PACKET_pkt(135), 
  stgs_pld_p      2   19[BANK0 ] PTR struct .
		 -> PACKET_pkt...stgs_payload(4), handle_rx_packet@pkt_p..(128), 
 Return value:  Size  Location     Type
                  1    wreg      void 
 Registers used:
		wreg, fsr1l, fsr1h, status,2, status,0, pclath, cstack
 Tracked objects:
		On entry : 
		On exit  : 
		Unchanged: 
 Data sizes:     COMMON   BANK0   BANK1   BANK2   BANK3   BANK4   BANK5   BANK6   BANK7   BANK8   BANK9  BANK10  BANK11  BANK12
      Params:         0       0       0       0       0       0       0       0       0       0       0       0       0       0
      Locals:         0       4       0       0       0       0       0       0       0       0       0       0       0       0
      Temps:          0       3       0       0       0       0       0       0       0       0       0       0       0       0
      Totals:         0       7       0       0       0       0       0       0       0       0       0       0       0       0
Total ram usage:        7 bytes
 Hardware stack levels used:    1
 Hardware stack levels required when called:    6
 This function calls:
		_EEPROM_load_all_settings
		_EEPROM_load_setting
		_EEPROM_store_all_settings
		_EEPROM_store_setting
		_PACKET_SendPacket
		_PACKET_UpdateAndSend
		_PACKET_get_rx_packet_ptr
		_SETTINGS_read
		_SETTINGS_write
 This function is called by:
		_main
 This function uses a non-reentrant model


 *************** function _SETTINGS_write *****************
 Defined at:
		line 25 in file "settings.c"
 Parameters:    Size  Location     Type
  stgs            1    wreg     PTR struct .
		 -> settings(4), 
  setting_num     1    0[BANK0 ] unsigned char 
  setting_val     2    1[BANK0 ] unsigned int 
 Auto vars:     Size  Location     Type
  stgs            1    4[BANK0 ] PTR struct .
		 -> settings(4), 
 Return value:  Size  Location     Type
                  1    wreg      void 
 Registers used:
		wreg, fsr1l, fsr1h, status,2, status,0
 Tracked objects:
		On entry : 
		On exit  : 
		Unchanged: 
 Data sizes:     COMMON   BANK0   BANK1   BANK2   BANK3   BANK4   BANK5   BANK6   BANK7   BANK8   BANK9  BANK10  BANK11  BANK12
      Params:         0       3       0       0       0       0       0       0       0       0       0       0       0       0
      Locals:         0       1       0       0       0       0       0       0       0       0       0       0       0       0
      Temps:          0       1       0       0       0       0       0       0       0       0       0       0       0       0
      Totals:         0       5       0       0       0       0       0       0       0       0       0       0       0       0
Total ram usage:        5 bytes
 Hardware stack levels used:    1
 Hardware stack levels required when called:    3
 This function calls:
		Nothing
 This function is called by:
		_handle_rx_packet
 This function uses a non-reentrant model


 *************** function _SETTINGS_read *****************
 Defined at:
		line 30 in file "settings.c"
 Parameters:    Size  Location     Type
  stgs            1    wreg     PTR struct .
		 -> settings(4), 
  setting_num     1    0[BANK0 ] unsigned char 
 Auto vars:     Size  Location     Type
  stgs            1    3[BANK0 ] PTR struct .
		 -> settings(4), 
 Return value:  Size  Location     Type
                  2    0[BANK0 ] unsigned int 
 Registers used:
		wreg, fsr1l, fsr1h, status,2, status,0
 Tracked objects:
		On entry : 
		On exit  : 
		Unchanged: 
 Data sizes:     COMMON   BANK0   BANK1   BANK2   BANK3   BANK4   BANK5   BANK6   BANK7   BANK8   BANK9  BANK10  BANK11  BANK12
      Params:         0       2       0       0       0       0       0       0       0       0       0       0       0       0
      Locals:         0       1       0       0       0       0       0       0       0       0       0       0       0       0
      Temps:          0       1       0       0       0       0       0       0       0       0       0       0       0       0
      Totals:         0       4       0       0       0       0       0       0       0       0       0       0       0       0
Total ram usage:        4 bytes
 Hardware stack levels used:    1
 Hardware stack levels required when called:    3
 This function calls:
		Nothing
 This function is called by:
		_handle_rx_packet
 This function uses a non-reentrant model


 *************** function _PACKET_get_rx_packet_ptr *****************
 Defined at:
		line 88 in file "packet.c"
 Parameters:    Size  Location     Type
		None
 Auto vars:     Size  Location     Type
		None
 Return value:  Size  Location     Type
                  2    0[BANK0 ] PTR struct .
 Registers used:
		wreg
 Tracked objects:
		On entry : 
		On exit  : 
		Unchanged: 
 Data sizes:     COMMON   BANK0   BANK1   BANK2   BANK3   BANK4   BANK5   BANK6   BANK7   BANK8   BANK9  BANK10  BANK11  BANK12
      Params:         0       2       0       0       0       0       0       0       0       0       0       0       0       0
      Locals:         0       0       0       0       0       0       0       0       0       0       0       0       0       0
      Temps:          0       0       0       0       0       0       0       0       0       0       0       0       0       0
      Totals:         0       2       0       0       0       0       0       0       0       0       0       0       0       0
Total ram usage:        2 bytes
 Hardware stack levels used:    1
 Hardware stack levels required when called:    3
 This function calls:
		Nothing
 This function is called by:
		_handle_rx_packet
 This function uses a non-reentrant model


 *************** function _PACKET_UpdateAndSend *****************
 Defined at:
		line 35 in file "packet.c"
 Parameters:    Size  Location     Type
  pkt             2    9[BANK0 ] PTR struct .
		 -> PACKET_pkt(135), 
 Auto vars:     Size  Location     Type
  cksm            1    0        unsigned char 
 Return value:  Size  Location     Type
                  1    wreg      void 
 Registers used:
		wreg, fsr1l, fsr1h, status,2, status,0, pclath, cstack
 Tracked objects:
		On entry : 
		On exit  : 
		Unchanged: 
 Data sizes:     COMMON   BANK0   BANK1   BANK2   BANK3   BANK4   BANK5   BANK6   BANK7   BANK8   BANK9  BANK10  BANK11  BANK12
      Params:         0       2       0       0       0       0       0       0       0       0       0       0       0       0
      Locals:         0       0       0       0       0       0       0       0       0       0       0       0       0       0
      Temps:          0       5       0       0       0       0       0       0       0       0       0       0       0       0
      Totals:         0       7       0       0       0       0       0       0       0       0       0       0       0       0
Total ram usage:        7 bytes
 Hardware stack levels used:    1
 Hardware stack levels required when called:    5
 This function calls:
		_PACKET_SendPacket
		_PACKET_calculate_checksum
 This function is called by:
		_handle_rx_packet
 This function uses a non-reentrant model


 *************** function _PACKET_SendPacket *****************
 Defined at:
		line 25 in file "packet.c"
 Parameters:    Size  Location     Type
  pkt             2    1[BANK0 ] PTR struct .
		 -> PACKET_pkt(135), 
 Auto vars:     Size  Location     Type
  i               2    7[BANK0 ] unsigned int 
 Return value:  Size  Location     Type
                  1    wreg      void 
 Registers used:
		wreg, fsr1l, fsr1h, status,2, status,0, pclath, cstack
 Tracked objects:
		On entry : 
		On exit  : 
		Unchanged: 
 Data sizes:     COMMON   BANK0   BANK1   BANK2   BANK3   BANK4   BANK5   BANK6   BANK7   BANK8   BANK9  BANK10  BANK11  BANK12
      Params:         0       2       0       0       0       0       0       0       0       0       0       0       0       0
      Locals:         0       2       0       0       0       0       0       0       0       0       0       0       0       0
      Temps:          0       4       0       0       0       0       0       0       0       0       0       0       0       0
      Totals:         0       8       0       0       0       0       0       0       0       0       0       0       0       0
Total ram usage:        8 bytes
 Hardware stack levels used:    1
 Hardware stack levels required when called:    4
 This function calls:
		_EUSART_Write
 This function is called by:
		_handle_rx_packet
		_PACKET_UpdateAndSend
 This function uses a non-reentrant model


 *************** function _EUSART_Write *****************
 Defined at:
		line 125 in file "mcc_generated_files/eusart.c"
 Parameters:    Size  Location     Type
  txData          1    wreg     unsigned char 
 Auto vars:     Size  Location     Type
  txData          1    0[BANK0 ] unsigned char 
 Return value:  Size  Location     Type
                  1    wreg      void 
 Registers used:
		wreg
 Tracked objects:
		On entry : 
		On exit  : 
		Unchanged: 
 Data sizes:     COMMON   BANK0   BANK1   BANK2   BANK3   BANK4   BANK5   BANK6   BANK7   BANK8   BANK9  BANK10  BANK11  BANK12
      Params:         0       0       0       0       0       0       0       0       0       0       0       0       0       0
      Locals:         0       1       0       0       0       0       0       0       0       0       0       0       0       0
      Temps:          0       0       0       0       0       0       0       0       0       0       0       0       0       0
      Totals:         0       1       0       0       0       0       0       0       0       0       0       0       0       0
Total ram usage:        1 bytes
 Hardware stack levels used:    1
 Hardware stack levels required when called:    3
 This function calls:
		Nothing
 This function is called by:
		_PACKET_SendPacket
		_putch
 This function uses a non-reentrant model


 *************** function _EEPROM_store_setting *****************
 Defined at:
		line 32 in file "eeprom.c"
 Parameters:    Size  Location     Type
  s               1    wreg     PTR struct .
		 -> settings(4), 
  num             1   11[BANK0 ] unsigned char 
 Auto vars:     Size  Location     Type
  s               1   13[BANK0 ] PTR struct .
		 -> settings(4), 
 Return value:  Size  Location     Type
                  1    wreg      void 
 Registers used:
		wreg, fsr1l, fsr1h, status,2, status,0, pclath, cstack
 Tracked objects:
		On entry : 
		On exit  : 
		Unchanged: 
 Data sizes:     COMMON   BANK0   BANK1   BANK2   BANK3   BANK4   BANK5   BANK6   BANK7   BANK8   BANK9  BANK10  BANK11  BANK12
      Params:         0       1       0       0       0       0       0       0       0       0       0       0       0       0
      Locals:         0       1       0       0       0       0       0       0       0       0       0       0       0       0
      Temps:          0       1       0       0       0       0       0       0       0       0       0       0       0       0
      Totals:         0       3       0       0       0       0       0       0       0       0       0       0       0       0
Total ram usage:        3 bytes
 Hardware stack levels used:    1
 Hardware stack levels required when called:    5
 This function calls:
		___itoee
 This function is called by:
		_handle_rx_packet
 This function uses a non-reentrant model


 *************** function _EEPROM_store_all_settings *****************
 Defined at:
		line 21 in file "eeprom.c"
 Parameters:    Size  Location     Type
  s               1    wreg     PTR struct .
		 -> settings(4), 
 Auto vars:     Size  Location     Type
  s               1   12[BANK0 ] PTR struct .
		 -> settings(4), 
  i               1   13[BANK0 ] unsigned char 
 Return value:  Size  Location     Type
                  1    wreg      void 
 Registers used:
		wreg, fsr1l, fsr1h, status,2, status,0, pclath, cstack
 Tracked objects:
		On entry : 
		On exit  : 
		Unchanged: 
 Data sizes:     COMMON   BANK0   BANK1   BANK2   BANK3   BANK4   BANK5   BANK6   BANK7   BANK8   BANK9  BANK10  BANK11  BANK12
      Params:         0       0       0       0       0       0       0       0       0       0       0       0       0       0
      Locals:         0       2       0       0       0       0       0       0       0       0       0       0       0       0
      Temps:          0       1       0       0       0       0       0       0       0       0       0       0       0       0
      Totals:         0       3       0       0       0       0       0       0       0       0       0       0       0       0
Total ram usage:        3 bytes
 Hardware stack levels used:    1
 Hardware stack levels required when called:    5
 This function calls:
		___itoee
 This function is called by:
		_handle_rx_packet
 This function uses a non-reentrant model


 *************** function ___itoee *****************
 Defined at:
		line 135 in file "C:\Program Files (x86)\Microchip\xc8\v1.44\sources\pic\eeprom.c"
 Parameters:    Size  Location     Type
  addr            1    wreg     PTR eeprom void 
		 -> SETTINGS_stgs(4), 
  data            2    6[BANK0 ] unsigned int 
 Auto vars:     Size  Location     Type
  addr            1   10[BANK0 ] PTR eeprom void 
		 -> SETTINGS_stgs(4), 
 Return value:  Size  Location     Type
                  2    6[BANK0 ] unsigned int 
 Registers used:
		wreg, fsr1l, fsr1h, status,2, status,0, pclath, cstack
 Tracked objects:
		On entry : 
		On exit  : 
		Unchanged: 
 Data sizes:     COMMON   BANK0   BANK1   BANK2   BANK3   BANK4   BANK5   BANK6   BANK7   BANK8   BANK9  BANK10  BANK11  BANK12
      Params:         0       2       0       0       0       0       0       0       0       0       0       0       0       0
      Locals:         0       1       0       0       0       0       0       0       0       0       0       0       0       0
      Temps:          0       2       0       0       0       0       0       0       0       0       0       0       0       0
      Totals:         0       5       0       0       0       0       0       0       0       0       0       0       0       0
Total ram usage:        5 bytes
 Hardware stack levels used:    1
 Hardware stack levels required when called:    4
 This function calls:
		_memcpyee
 This function is called by:
		_EEPROM_store_all_settings
		_EEPROM_store_setting
 This function uses a non-reentrant model


 *************** function _memcpyee *****************
 Defined at:
		line 39 in file "C:\Program Files (x86)\Microchip\xc8\v1.44\sources\pic\eeprom.c"
 Parameters:    Size  Location     Type
  to              1    wreg     PTR eeprom unsigned char
		 -> SETTINGS_stgs(4), 
  from            1    0[BANK0 ] PTR const unsigned char 
		 -> __fltoee@data(3), __fttoee@data(3), __ltoee@data(4), __mtoee@data(3), 
		 -> __itoee@data(2), __ctoee@data(1), 
  size            1    1[BANK0 ] unsigned char 
 Auto vars:     Size  Location     Type
  to              1    5[BANK0 ] PTR eeprom unsigned char
		 -> SETTINGS_stgs(4), 
  ptr             1    4[BANK0 ] PTR const unsigned char 
		 -> __fltoee@data(3), __fttoee@data(3), __ltoee@data(4), __mtoee@data(3), 
		 -> __itoee@data(2), __ctoee@data(1), 
 Return value:  Size  Location     Type
                  1    wreg      void 
 Registers used:
		wreg, fsr1l, fsr1h, status,2, status,0
 Tracked objects:
		On entry : 
		On exit  : 
		Unchanged: 
 Data sizes:     COMMON   BANK0   BANK1   BANK2   BANK3   BANK4   BANK5   BANK6   BANK7   BANK8   BANK9  BANK10  BANK11  BANK12
      Params:         0       2       0       0       0       0       0       0       0       0       0       0       0       0
      Locals:         0       2       0       0       0       0       0       0       0       0       0       0       0       0
      Temps:          0       2       0       0       0       0       0       0       0       0       0       0       0       0
      Totals:         0       6       0       0       0       0       0       0       0       0       0       0       0       0
Total ram usage:        6 bytes
 Hardware stack levels used:    1
 Hardware stack levels required when called:    3
 This function calls:
		Nothing
 This function is called by:
		___itoee
 This function uses a non-reentrant model


 *************** function _EEPROM_load_setting *****************
 Defined at:
		line 16 in file "eeprom.c"
 Parameters:    Size  Location     Type
  s               1    wreg     PTR struct .
		 -> settings(4), 
  num             1   13[BANK0 ] unsigned char 
 Auto vars:     Size  Location     Type
  s               1   15[BANK0 ] PTR struct .
		 -> settings(4), 
 Return value:  Size  Location     Type
                  1    wreg      void 
 Registers used:
		wreg, fsr1l, fsr1h, status,2, status,0, pclath, cstack
 Tracked objects:
		On entry : 
		On exit  : 
		Unchanged: 
 Data sizes:     COMMON   BANK0   BANK1   BANK2   BANK3   BANK4   BANK5   BANK6   BANK7   BANK8   BANK9  BANK10  BANK11  BANK12
      Params:         0       1       0       0       0       0       0       0       0       0       0       0       0       0
      Locals:         0       1       0       0       0       0       0       0       0       0       0       0       0       0
      Temps:          0       1       0       0       0       0       0       0       0       0       0       0       0       0
      Totals:         0       3       0       0       0       0       0       0       0       0       0       0       0       0
Total ram usage:        3 bytes
 Hardware stack levels used:    1
 Hardware stack levels required when called:    5
 This function calls:
		___eetoi
 This function is called by:
		_handle_rx_packet
 This function uses a non-reentrant model


 *************** function _EEPROM_load_all_settings *****************
 Defined at:
		line 5 in file "eeprom.c"
 Parameters:    Size  Location     Type
  s               1    wreg     PTR struct .
		 -> settings(4), 
 Auto vars:     Size  Location     Type
  s               1   14[BANK0 ] PTR struct .
		 -> settings(4), 
  i               1   15[BANK0 ] unsigned char 
 Return value:  Size  Location     Type
                  1    wreg      void 
 Registers used:
		wreg, fsr1l, fsr1h, status,2, status,0, pclath, cstack
 Tracked objects:
		On entry : 
		On exit  : 
		Unchanged: 
 Data sizes:     COMMON   BANK0   BANK1   BANK2   BANK3   BANK4   BANK5   BANK6   BANK7   BANK8   BANK9  BANK10  BANK11  BANK12
      Params:         0       0       0       0       0       0       0       0       0       0       0       0       0       0
[...]
 Registers used:
		wreg, fsr1l, fsr1h, status,2, status,0, pclath, cstack
 Tracked objects:
		On entry : 
		On exit  : 
		Unchanged: 
 Data sizes:     COMMON   BANK0   BANK1   BANK2   BANK3   BANK4   BANK5   BANK6   BANK7   BANK8   BANK9  BANK10  BANK11  BANK12
      Params:         0       0       0       0       0       0       0       0       0       0       0       0       0       0
      Locals:         0       6       0       0       0       0       0       0       0       0       0       0       0       0
      Temps:          0       7       0       0       0       0       0       0       0       0       0       0       0       0
      Totals:         0      13       0       0       0       0       0       0       0       0       0       0       0       0
Total ram usage:       13 bytes
 Hardware stack levels used:    1
 Hardware stack levels required when called:    4
 This function calls:
		_PACKET_calculate_checksum
 This function is called by:
		_PACKET_Available
 This function uses a non-reentrant model


 *************** function _PACKET_calculate_checksum *****************
 Defined at:
		line 93 in file "packet.c"
 Parameters:    Size  Location     Type
  data            2    0[BANK0 ] PTR unsigned char 
		 -> PACKET_RxPacket(135), PACKET_pkt(135), 
  data_len        2    2[BANK0 ] unsigned int 
 Auto vars:     Size  Location     Type
  i               2    6[BANK0 ] unsigned int 
  checksum        1    5[BANK0 ] unsigned char 
 Return value:  Size  Location     Type
                  1    wreg      unsigned char 
 Registers used:
		wreg, fsr1l, fsr1h, status,2, status,0
 Tracked objects:
		On entry : 
		On exit  : 
		Unchanged: 
 Data sizes:     COMMON   BANK0   BANK1   BANK2   BANK3   BANK4   BANK5   BANK6   BANK7   BANK8   BANK9  BANK10  BANK11  BANK12
      Params:         0       4       0       0       0       0       0       0       0       0       0       0       0       0
      Locals:         0       3       0       0       0       0       0       0       0       0       0       0       0       0
      Temps:          0       1       0       0       0       0       0       0       0       0       0       0       0       0
      Totals:         0       8       0       0       0       0       0       0       0       0       0       0       0       0
Total ram usage:        8 bytes
 Hardware stack levels used:    1
 Hardware stack levels required when called:    3
 This function calls:
		Nothing
 This function is called by:
		_PACKET_UpdateAndSend
		_PACKET_handle_byte
		_PACKET_CreatePacket
 This function uses a non-reentrant model


 *************** function _PACKET_EUSART_Bytes_Available *****************
 Defined at:
		line 119 in file "packet.c"
 Parameters:    Size  Location     Type
		None
 Auto vars:     Size  Location     Type
		None
 Return value:  Size  Location     Type
                  1    wreg      unsigned char 
 Registers used:
		wreg, pclath, cstack
 Tracked objects:
		On entry : 
		On exit  : 
		Unchanged: 
 Data sizes:     COMMON   BANK0   BANK1   BANK2   BANK3   BANK4   BANK5   BANK6   BANK7   BANK8   BANK9  BANK10  BANK11  BANK12
      Params:         0       0       0       0       0       0       0       0       0       0       0       0       0       0
      Locals:         0       0       0       0       0       0       0       0       0       0       0       0       0       0
      Temps:          0       0       0       0       0       0       0       0       0       0       0       0       0       0
      Totals:         0       0       0       0       0       0       0       0       0       0       0       0       0       0
Total ram usage:        0 bytes
 Hardware stack levels used:    1
 Hardware stack levels required when called:    4
 This function calls:
		_EUSART_RxBytesAvailable
 This function is called by:
		_PACKET_Available
 This function uses a non-reentrant model


 *************** function _EUSART_RxBytesAvailable *****************
 Defined at:
		line 119 in file "mcc_generated_files/eusart.c"
 Parameters:    Size  Location     Type
		None
 Auto vars:     Size  Location     Type
		None
 Return value:  Size  Location     Type
                  1    wreg      unsigned char 
 Registers used:
		wreg
 Tracked objects:
		On entry : 
		On exit  : 
		Unchanged: 
 Data sizes:     COMMON   BANK0   BANK1   BANK2   BANK3   BANK4   BANK5   BANK6   BANK7   BANK8   BANK9  BANK10  BANK11  BANK12
      Params:         0       0       0       0       0       0       0       0       0       0       0       0       0       0
      Locals:         0       0       0       0       0       0       0       0       0       0       0       0       0       0
      Temps:          0       0       0       0       0       0       0       0       0       0       0       0       0       0
      Totals:         0       0       0       0       0       0       0       0       0       0       0       0       0       0
Total ram usage:        0 bytes
 Hardware stack levels used:    1
 Hardware stack levels required when called:    3
 This function calls:
		Nothing
 This function is called by:
		_PACKET_EUSART_Bytes_Available
 This function uses a non-reentrant model


 *************** function _EUSART_Read *****************
 Defined at:
		line 99 in file "mcc_generated_files/eusart.c"
 Parameters:    Size  Location     Type
		None
 Auto vars:     Size  Location     Type
  readValue       1    1[BANK0 ] unsigned char 
 Return value:  Size  Location     Type
                  1    wreg      unsigned char 
 Registers used:
		wreg, fsr1l, fsr1h, status,2, status,0
 Tracked objects:
		On entry : 
		On exit  : 
		Unchanged: 
 Data sizes:     COMMON   BANK0   BANK1   BANK2   BANK3   BANK4   BANK5   BANK6   BANK7   BANK8   BANK9  BANK10  BANK11  BANK12
      Params:         0       0       0       0       0       0       0       0       0       0       0       0       0       0
      Locals:         0       1       0       0       0       0       0       0       0       0       0       0       0       0
      Temps:          0       1       0       0       0       0       0       0       0       0       0       0       0       0
      Totals:         0       2       0       0       0       0       0       0       0       0       0       0       0       0
Total ram usage:        2 bytes
 Hardware stack levels used:    1
 Hardware stack levels required when called:    3
 This function calls:
		Nothing
 This function is called by:
		_PACKET_Available
		_getch
 This function uses a non-reentrant model


 *************** function _ADC_GetConversion *****************
 Defined at:
		line 107 in file "mcc_generated_files/adc.c"
 Parameters:    Size  Location     Type
  channel         1    wreg     enum E2975
 Auto vars:     Size  Location     Type
  channel         1    3[BANK0 ] enum E2975
 Return value:  Size  Location     Type
                  2    0[BANK0 ] unsigned int 
 Registers used:
		wreg, status,2, status,0
 Tracked objects:
		On entry : 
		On exit  : 
		Unchanged: 
 Data sizes:     COMMON   BANK0   BANK1   BANK2   BANK3   BANK4   BANK5   BANK6   BANK7   BANK8   BANK9  BANK10  BANK11  BANK12
      Params:         0       2       0       0       0       0       0       0       0       0       0       0       0       0
      Locals:         0       1       0       0       0       0       0       0       0       0       0       0       0       0
      Temps:          0       1       0       0       0       0       0       0       0       0       0       0       0       0
      Totals:         0       4       0       0       0       0       0       0       0       0       0       0       0       0
Total ram usage:        4 bytes
 Hardware stack levels used:    1
 Hardware stack levels required when called:    3
 This function calls:
		Nothing
 This function is called by:
		_main
 This function uses a non-reentrant model


 *************** function _INTERRUPT_InterruptManager *****************
 Defined at:
		line 51 in file "mcc_generated_files/interrupt_manager.c"
 Parameters:    Size  Location     Type
		None
 Auto vars:     Size  Location     Type
		None
 Return value:  Size  Location     Type
                  1    wreg      void 
 Registers used:
		wreg, fsr0l, fsr0h, fsr1l, fsr1h, status,2, status,0, pclath, cstack
 Tracked objects:
		On entry : 
		On exit  : 
		Unchanged: 
 Data sizes:     COMMON   BANK0   BANK1   BANK2   BANK3   BANK4   BANK5   BANK6   BANK7   BANK8   BANK9  BANK10  BANK11  BANK12
      Params:         0       0       0       0       0       0       0       0       0       0       0       0       0       0
      Locals:         0       0       0       0       0       0       0       0       0       0       0       0       0       0
      Temps:          1       0       0       0       0       0       0       0       0       0       0       0       0       0
      Totals:         1       0       0       0       0       0       0       0       0       0       0       0       0       0
Total ram usage:        1 bytes
 Hardware stack levels used:    1
 Hardware stack levels required when called:    2
 This function calls:
		_EUSART_Receive_ISR
		_I2C2_BusCollisionISR
		_I2C2_ISR
 This function is called by:
		Interrupt level 1
 This function uses a non-reentrant model


 *************** function _I2C2_ISR *****************
 Defined at:
		line 233 in file "mcc_generated_files/i2c2.c"
 Parameters:    Size  Location     Type
		None
 Auto vars:     Size  Location     Type
		None
 Return value:  Size  Location     Type
                  1    wreg      void 
 Registers used:
		wreg, fsr0l, fsr0h, fsr1l, fsr1h, status,2, status,0, pclath, cstack
 Tracked objects:
		On entry : 
		On exit  : 
		Unchanged: 
 Data sizes:     COMMON   BANK0   BANK1   BANK2   BANK3   BANK4   BANK5   BANK6   BANK7   BANK8   BANK9  BANK10  BANK11  BANK12
      Params:         0       0       0       0       0       0       0       0       0       0       0       0       0       0
      Locals:         0       0       0       0       0       0       0       0       0       0       0       0       0       0
      Temps:          4       0       0       0       0       0       0       0       0       0       0       0       0       0
      Totals:         4       0       0       0       0       0       0       0       0       0       0       0       0       0
Total ram usage:        4 bytes
 Hardware stack levels used:    1
 Hardware stack levels required when called:    1
 This function calls:
		_I2C2_FunctionComplete
		_I2C2_Stop
 This function is called by:
		_INTERRUPT_InterruptManager
 This function uses a non-reentrant model


 *************** function _I2C2_Stop *****************
 Defined at:
		line 581 in file "mcc_generated_files/i2c2.c"
 Parameters:    Size  Location     Type
  completion_c    1    wreg     enum E2972
 Auto vars:     Size  Location     Type
  completion_c    1    0[COMMON] enum E2972
 Return value:  Size  Location     Type
                  1    wreg      void 
 Registers used:
		wreg, fsr1l, fsr1h, status,2, status,0
 Tracked objects:
		On entry : 
		On exit  : 
		Unchanged: 
 Data sizes:     COMMON   BANK0   BANK1   BANK2   BANK3   BANK4   BANK5   BANK6   BANK7   BANK8   BANK9  BANK10  BANK11  BANK12
      Params:         0       0       0       0       0       0       0       0       0       0       0       0       0       0
      Locals:         0       0       0       0       0       0       0       0       0       0       0       0       0       0
      Temps:          0       0       0       0       0       0       0       0       0       0       0       0       0       0
      Totals:         0       0       0       0       0       0       0       0       0       0       0       0       0       0
Total ram usage:        0 bytes
 Hardware stack levels used:    1
 This function calls:
		Nothing
 This function is called by:
		_I2C2_ISR
 This function uses a non-reentrant model


 *************** function _I2C2_FunctionComplete *****************
 Defined at:
		line 563 in file "mcc_generated_files/i2c2.c"
 Parameters:    Size  Location     Type
		None
 Auto vars:     Size  Location     Type
		None
 Return value:  Size  Location     Type
                  1    wreg      void 
 Registers used:
		wreg, status,2, status,0
 Tracked objects:
		On entry : 
		On exit  : 
		Unchanged: 
 Data sizes:     COMMON   BANK0   BANK1   BANK2   BANK3   BANK4   BANK5   BANK6   BANK7   BANK8   BANK9  BANK10  BANK11  BANK12
      Params:         0       0       0       0       0       0       0       0       0       0       0       0       0       0
      Locals:         0       0       0       0       0       0       0       0       0       0       0       0       0       0
      Temps:          1       0       0       0       0       0       0       0       0       0       0       0       0       0
      Totals:         1       0       0       0       0       0       0       0       0       0       0       0       0       0
Total ram usage:        1 bytes
 Hardware stack levels used:    1
 This function calls:
		Nothing
 This function is called by:
		_I2C2_ISR
 This function uses a non-reentrant model


 *************** function _I2C2_BusCollisionISR *****************
 Defined at:
		line 728 in file "mcc_generated_files/i2c2.c"
 Parameters:    Size  Location     Type
		None
 Auto vars:     Size  Location     Type
		None
 Return value:  Size  Location     Type
                  1    wreg      void 
 Registers used:
		None
 Tracked objects:
		On entry : 
		On exit  : 
		Unchanged: 
 Data sizes:     COMMON   BANK0   BANK1   BANK2   BANK3   BANK4   BANK5   BANK6   BANK7   BANK8   BANK9  BANK10  BANK11  BANK12
      Params:         0       0       0       0       0       0       0       0       0       0       0       0       0       0
      Locals:         0       0       0       0       0       0       0       0       0       0       0       0       0       0
      Temps:          0       0       0       0       0       0       0       0       0       0       0       0       0       0
      Totals:         0       0       0       0       0       0       0       0       0       0       0       0       0       0
Total ram usage:        0 bytes
 Hardware stack levels used:    1
 This function calls:
		Nothing
 This function is called by:
		_INTERRUPT_InterruptManager
 This function uses a non-reentrant model


 *************** function _EUSART_Receive_ISR *****************
 Defined at:
		line 145 in file "mcc_generated_files/eusart.c"
 Parameters:    Size  Location     Type
		None
 Auto vars:     Size  Location     Type
		None
 Return value:  Size  Location     Type
                  1    wreg      void 
 Registers used:
		wreg, fsr1l, fsr1h, status,2, status,0
 Tracked objects:
		On entry : 
		On exit  : 
		Unchanged: 
 Data sizes:     COMMON   BANK0   BANK1   BANK2   BANK3   BANK4   BANK5   BANK6   BANK7   BANK8   BANK9  BANK10  BANK11  BANK12
      Params:         0       0       0       0       0       0       0       0       0       0       0       0       0       0
      Locals:         0       0       0       0       0       0       0       0       0       0       0       0       0       0
      Temps:          1       0       0       0       0       0       0       0       0       0       0       0       0       0
      Totals:         1       0       0       0       0       0       0       0       0       0       0       0       0       0
Total ram usage:        1 bytes
 Hardware stack levels used:    1
 This function calls:
		Nothing
 This function is called by:
		_INTERRUPT_InterruptManager
 This function uses a non-reentrant model



MODULE INFORMATION

Module		Function		Class		Link	Load	Size
packet.c
		_PACKET_EUSART_Bytes_Available		CODE           	0D2F	0000	4
		_PACKET_Initialize		CODE           	0D32	0000	4
		_PACKET_SendPacket		CODE           	0EF5	0000	43
		_PACKET_calculate_checksum		CODE           	07DB	0000	33
		_PACKET_UpdateAndSend		CODE           	0F1F	0000	45
		_PACKET_get_rx_packet_ptr		CODE           	0D43	0000	7
		_PACKET_handle_byte		CODE           	02F7	0000	315
		_PACKET_Available		CODE           	0DDA	0000	20

packet.c estimated size: 471

mcc_generated_files/fvr.c
		_FVR_Initialize		CODE           	0D35	0000	5

mcc_generated_files/fvr.c estimated size: 5

settings.c
		_SETTINGS_read 		CODE           	0D6C	0000	14
		_SETTINGS_write		CODE           	0D79	0000	14

settings.c estimated size: 28

C:\Program Files (x86)\Microchip\xc8\v1.44\sources\common\lwtoft.c
		___lwtoft      		CODE           	0E00	0000	22

C:\Program Files (x86)\Microchip\xc8\v1.44\sources\common\lwtoft.c estimated size: 22

mcc_generated_files/interrupt_manager.c
		_INTERRUPT_InterruptManager		CODE           	0004	0000	41

mcc_generated_files/interrupt_manager.c estimated size: 41

C:\Program Files (x86)\Microchip\xc8\v1.44\sources\common\ftmul.c
		___ftmul       		CODE           	063B	0000	181

C:\Program Files (x86)\Microchip\xc8\v1.44\sources\common\ftmul.c estimated size: 181

mcc_generated_files/pin_manager.c
		_PIN_MANAGER_Initialize		CODE           	0E47	0000	29

mcc_generated_files/pin_manager.c estimated size: 29

mcc_generated_files/spi1.c
		_SPI1_Initialize		CODE           	0D3D	0000	7

mcc_generated_files/spi1.c estimated size: 7

C:\Program Files (x86)\Microchip\xc8\v1.44\sources\common\lwdiv.c
		___lwdiv       		CODE           	0F4B	0000	54

C:\Program Files (x86)\Microchip\xc8\v1.44\sources\common\lwdiv.c estimated size: 54

mcc_generated_files/adc.c
		_ADC_Initialize		CODE           	0D50	0000	9
		_ADC_GetConversion		CODE           	0ED6	0000	32

mcc_generated_files/adc.c estimated size: 41

eeprom.c
		_EEPROM_load_setting		CODE           	0DC8	0000	19
		_EEPROM_load_all_settings		CODE           	0E63	0000	29
		_EEPROM_store_setting		CODE           	0DA5	0000	18
		_EEPROM_store_all_settings		CODE           	0E7F	0000	29

eeprom.c estimated size: 95

C:\Program Files (x86)\Microchip\xc8\v1.44\sources\common\fttol.c
		___fttol       		CODE           	06EF	0000	136

C:\Program Files (x86)\Microchip\xc8\v1.44\sources\common\fttol.c estimated size: 136

shared
		__initialization		CODE           	002E	0000	36

shared estimated size: 36

C:\Program Files (x86)\Microchip\xc8\v1.44\sources\common\ftadd.c
		___ftadd       		CODE           	0545	0000	247

C:\Program Files (x86)\Microchip\xc8\v1.44\sources\common\ftadd.c estimated size: 247

mcc_generated_files/mcc.c
		_WDT_Initialize		CODE           	0D39	0000	5
		_OSCILLATOR_Initialize		CODE           	0D49	0000	8
		_SYSTEM_Initialize		CODE           	0E15	0000	25

mcc_generated_files/mcc.c estimated size: 38

mcc_generated_files/i2c2.c
		_I2C2_BusCollisionISR		CODE           	0D2C	0000	4
		_I2C2_FunctionComplete		CODE           	0D94	0000	18
		_I2C2_ISR      		CODE           	01B9	0000	319
		_I2C2_Initialize		CODE           	0E9B	0000	30
		_I2C2_Stop     		CODE           	07FB	0000	6

mcc_generated_files/i2c2.c estimated size: 377

C:\Program Files (x86)\Microchip\xc8\v1.44\sources\pic\eeprom.c
		_eecpymem      		CODE           	0F80	0000	55
		___eetoi       		CODE           	0DED	0000	20
		___itoee       		CODE           	0D86	0000	15
		_memcpyee      		CODE           	0FB6	0000	75

C:\Program Files (x86)\Microchip\xc8\v1.44\sources\pic\eeprom.c estimated size: 165

mcc_generated_files/eusart.c
		_EUSART_RxBytesAvailable		CODE           	0002	0000	3
		_EUSART_Read   		CODE           	0EB8	0000	31
		_EUSART_Write  		CODE           	0D58	0000	9
		_EUSART_Initialize		CODE           	0DB6	0000	19
		_EUSART_Receive_ISR		CODE           	0E2D	0000	27

mcc_generated_files/eusart.c estimated size: 89

main.c
		_main          		CODE           	0431	0000	277
		_handle_rx_packet		CODE           	0055	0000	357

main.c estimated size: 634

C:\Program Files (x86)\Microchip\xc8\v1.44\sources\common\float.c
		___ftpack      		CODE           	0776	0000	102

C:\Program Files (x86)\Microchip\xc8\v1.44\sources\common\float.c estimated size: 102

